ðŸŒŸ This was machine generated.  Do not edit. ðŸŒŸ

Frame[0] {
    "executedQueryString": "[null,null]"
}
Name: TestToDataFrame/all-null-array
Dimensions: 1 Fields by 2 Rows
+--------------------------------------+
| Name: TestToDataFrame/all-null-array |
| Labels:                              |
| Type: []*string                      |
+--------------------------------------+
| null                                 |
| null                                 |
+--------------------------------------+


====== TEST DATA RESPONSE (arrow base64) ======
FRAME=QVJST1cxAAD/////mAEAABAAAAAAAAoADgAMAAsABAAKAAAAFAAAAAAAAAEEAAoADAAAAAgABAAKAAAACAAAALQAAAADAAAAaAAAACgAAAAEAAAAJP///wgAAAAMAAAAAAAAAAAAAAAFAAAAcmVmSWQAAABE////CAAAACgAAAAeAAAAVGVzdFRvRGF0YUZyYW1lL2FsbC1udWxsLWFycmF5AAAEAAAAbmFtZQAAAACA////CAAAADAAAAAlAAAAeyJleGVjdXRlZFF1ZXJ5U3RyaW5nIjoiW251bGwsbnVsbF0ifQAAAAQAAABtZXRhAAAAAAEAAAAYAAAAAAASABgAFAATABIADAAAAAgABAASAAAAFAAAAFwAAABgAAAAAAAFAVwAAAABAAAADAAAAAgADAAIAAQACAAAAAgAAAAoAAAAHgAAAFRlc3RUb0RhdGFGcmFtZS9hbGwtbnVsbC1hcnJheQAABAAAAG5hbWUAAAAAAAAAAAQABAAEAAAAHgAAAFRlc3RUb0RhdGFGcmFtZS9hbGwtbnVsbC1hcnJheQAAAAAAAP////+YAAAAFAAAAAAAAAAMABYAFAATAAwABAAMAAAAGAAAAAAAAAAUAAAAAAAAAwQACgAYAAwACAAEAAoAAAAUAAAASAAAAAIAAAAAAAAAAAAAAAMAAAAAAAAAAAAAAAEAAAAAAAAACAAAAAAAAAAMAAAAAAAAABgAAAAAAAAAAAAAAAAAAAAAAAAAAQAAAAIAAAAAAAAAAgAAAAAAAAAAAAAAAAAAAAAAAAAAAAAAAAAAAAAAAAAQAAAADAAUABIADAAIAAQADAAAABAAAAAsAAAAOAAAAAAABAABAAAAqAEAAAAAAACgAAAAAAAAABgAAAAAAAAAAAAAAAAAAAAAAAoADAAAAAgABAAKAAAACAAAALQAAAADAAAAaAAAACgAAAAEAAAAJP///wgAAAAMAAAAAAAAAAAAAAAFAAAAcmVmSWQAAABE////CAAAACgAAAAeAAAAVGVzdFRvRGF0YUZyYW1lL2FsbC1udWxsLWFycmF5AAAEAAAAbmFtZQAAAACA////CAAAADAAAAAlAAAAeyJleGVjdXRlZFF1ZXJ5U3RyaW5nIjoiW251bGwsbnVsbF0ifQAAAAQAAABtZXRhAAAAAAEAAAAYAAAAAAASABgAFAATABIADAAAAAgABAASAAAAFAAAAFwAAABgAAAAAAAFAVwAAAABAAAADAAAAAgADAAIAAQACAAAAAgAAAAoAAAAHgAAAFRlc3RUb0RhdGFGcmFtZS9hbGwtbnVsbC1hcnJheQAABAAAAG5hbWUAAAAAAAAAAAQABAAEAAAAHgAAAFRlc3RUb0RhdGFGcmFtZS9hbGwtbnVsbC1hcnJheQAAwAEAAEFSUk9XMQ==
