ðŸŒŸ This was machine generated.  Do not edit. ðŸŒŸ

Frame[0] {
    "executedQueryString": "[[\"one\",\"two\"],[\"three\"]]"
}
Name: TestToDataFrame/array-inside-array
Dimensions: 1 Fields by 2 Rows
+------------------------------------------+
| Name: TestToDataFrame/array-inside-array |
| Labels:                                  |
| Type: []*string                          |
+------------------------------------------+
| ["one","two"]                            |
| ["three"]                                |
+------------------------------------------+


====== TEST DATA RESPONSE (arrow base64) ======
FRAME=QVJST1cxAAD/////uAEAABAAAAAAAAoADgAMAAsABAAKAAAAFAAAAAAAAAEEAAoADAAAAAgABAAKAAAACAAAAMwAAAADAAAAbAAAACgAAAAEAAAADP///wgAAAAMAAAAAAAAAAAAAAAFAAAAcmVmSWQAAAAs////CAAAACwAAAAiAAAAVGVzdFRvRGF0YUZyYW1lL2FycmF5LWluc2lkZS1hcnJheQAABAAAAG5hbWUAAAAAbP///wgAAABEAAAAOQAAAHsiZXhlY3V0ZWRRdWVyeVN0cmluZyI6IltbXCJvbmVcIixcInR3b1wiXSxbXCJ0aHJlZVwiXV0ifQAAAAQAAABtZXRhAAAAAAEAAAAYAAAAAAASABgAFAATABIADAAAAAgABAASAAAAFAAAAGAAAABkAAAAAAAFAWAAAAABAAAADAAAAAgADAAIAAQACAAAAAgAAAAsAAAAIgAAAFRlc3RUb0RhdGFGcmFtZS9hcnJheS1pbnNpZGUtYXJyYXkAAAQAAABuYW1lAAAAAAAAAAAEAAQABAAAACIAAABUZXN0VG9EYXRhRnJhbWUvYXJyYXktaW5zaWRlLWFycmF5AAAAAAAA/////5gAAAAUAAAAAAAAAAwAFgAUABMADAAEAAwAAAAoAAAAAAAAABQAAAAAAAADBAAKABgADAAIAAQACgAAABQAAABIAAAAAgAAAAAAAAAAAAAAAwAAAAAAAAAAAAAAAAAAAAAAAAAAAAAAAAAAAAwAAAAAAAAAEAAAAAAAAAAWAAAAAAAAAAAAAAABAAAAAgAAAAAAAAAAAAAAAAAAAAAAAAANAAAAFgAAAAAAAABbIm9uZSIsInR3byJdWyJ0aHJlZSJdAAAQAAAADAAUABIADAAIAAQADAAAABAAAAAsAAAAOAAAAAAABAABAAAAyAEAAAAAAACgAAAAAAAAACgAAAAAAAAAAAAAAAAAAAAAAAoADAAAAAgABAAKAAAACAAAAMwAAAADAAAAbAAAACgAAAAEAAAADP///wgAAAAMAAAAAAAAAAAAAAAFAAAAcmVmSWQAAAAs////CAAAACwAAAAiAAAAVGVzdFRvRGF0YUZyYW1lL2FycmF5LWluc2lkZS1hcnJheQAABAAAAG5hbWUAAAAAbP///wgAAABEAAAAOQAAAHsiZXhlY3V0ZWRRdWVyeVN0cmluZyI6IltbXCJvbmVcIixcInR3b1wiXSxbXCJ0aHJlZVwiXV0ifQAAAAQAAABtZXRhAAAAAAEAAAAYAAAAAAASABgAFAATABIADAAAAAgABAASAAAAFAAAAGAAAABkAAAAAAAFAWAAAAABAAAADAAAAAgADAAIAAQACAAAAAgAAAAsAAAAIgAAAFRlc3RUb0RhdGFGcmFtZS9hcnJheS1pbnNpZGUtYXJyYXkAAAQAAABuYW1lAAAAAAAAAAAEAAQABAAAACIAAABUZXN0VG9EYXRhRnJhbWUvYXJyYXktaW5zaWRlLWFycmF5AADgAQAAQVJST1cx
