ðŸŒŸ This was machine generated.  Do not edit. ðŸŒŸ

Frame[0] {
    "executedQueryString": "true"
}
Name: TestToDataFrame/bool
Dimensions: 1 Fields by 1 Rows
+----------------------------+
| Name: TestToDataFrame/bool |
| Labels:                    |
| Type: []*bool              |
+----------------------------+
| true                       |
+----------------------------+


====== TEST DATA RESPONSE (arrow base64) ======
FRAME=QVJST1cxAAD/////eAEAABAAAAAAAAoADgAMAAsABAAKAAAAFAAAAAAAAAEEAAoADAAAAAgABAAKAAAACAAAAKQAAAADAAAAYAAAACgAAAAEAAAANP///wgAAAAMAAAAAAAAAAAAAAAFAAAAcmVmSWQAAABU////CAAAACAAAAAUAAAAVGVzdFRvRGF0YUZyYW1lL2Jvb2wAAAAABAAAAG5hbWUAAAAAiP///wgAAAAoAAAAHgAAAHsiZXhlY3V0ZWRRdWVyeVN0cmluZyI6InRydWUifQAABAAAAG1ldGEAAAAAAQAAABgAAAAAABIAGAAUABMAEgAMAAAACAAEABIAAAAUAAAAVAAAAFgAAAAAAAYBVAAAAAEAAAAMAAAACAAMAAgABAAIAAAACAAAACAAAAAUAAAAVGVzdFRvRGF0YUZyYW1lL2Jvb2wAAAAABAAAAG5hbWUAAAAAAAAAAAQABAAEAAAAFAAAAFRlc3RUb0RhdGFGcmFtZS9ib29sAAAAAAAAAAD/////iAAAABQAAAAAAAAADAAWABQAEwAMAAQADAAAAAgAAAAAAAAAFAAAAAAAAAMEAAoAGAAMAAgABAAKAAAAFAAAADgAAAABAAAAAAAAAAAAAAACAAAAAAAAAAAAAAAAAAAAAAAAAAAAAAAAAAAAAQAAAAAAAAAAAAAAAQAAAAEAAAAAAAAAAAAAAAAAAAABAAAAAAAAABAAAAAMABQAEgAMAAgABAAMAAAAEAAAACwAAAA4AAAAAAAEAAEAAACIAQAAAAAAAJAAAAAAAAAACAAAAAAAAAAAAAAAAAAAAAAACgAMAAAACAAEAAoAAAAIAAAApAAAAAMAAABgAAAAKAAAAAQAAAA0////CAAAAAwAAAAAAAAAAAAAAAUAAAByZWZJZAAAAFT///8IAAAAIAAAABQAAABUZXN0VG9EYXRhRnJhbWUvYm9vbAAAAAAEAAAAbmFtZQAAAACI////CAAAACgAAAAeAAAAeyJleGVjdXRlZFF1ZXJ5U3RyaW5nIjoidHJ1ZSJ9AAAEAAAAbWV0YQAAAAABAAAAGAAAAAAAEgAYABQAEwASAAwAAAAIAAQAEgAAABQAAABUAAAAWAAAAAAABgFUAAAAAQAAAAwAAAAIAAwACAAEAAgAAAAIAAAAIAAAABQAAABUZXN0VG9EYXRhRnJhbWUvYm9vbAAAAAAEAAAAbmFtZQAAAAAAAAAABAAEAAQAAAAUAAAAVGVzdFRvRGF0YUZyYW1lL2Jvb2wAAAAAoAEAAEFSUk9XMQ==
