ðŸŒŸ This was machine generated.  Do not edit. ðŸŒŸ

Frame[0] {
    "executedQueryString": "21.43"
}
Name: TestToDataFrame/float
Dimensions: 1 Fields by 1 Rows
+-----------------------------+
| Name: TestToDataFrame/float |
| Labels:                     |
| Type: []*float64            |
+-----------------------------+
| 21.43                       |
+-----------------------------+


====== TEST DATA RESPONSE (arrow base64) ======
FRAME=QVJST1cxAAD/////gAEAABAAAAAAAAoADgAMAAsABAAKAAAAFAAAAAAAAAEEAAoADAAAAAgABAAKAAAACAAAAKQAAAADAAAAYAAAACgAAAAEAAAANP///wgAAAAMAAAAAAAAAAAAAAAFAAAAcmVmSWQAAABU////CAAAACAAAAAVAAAAVGVzdFRvRGF0YUZyYW1lL2Zsb2F0AAAABAAAAG5hbWUAAAAAiP///wgAAAAoAAAAHwAAAHsiZXhlY3V0ZWRRdWVyeVN0cmluZyI6IjIxLjQzIn0ABAAAAG1ldGEAAAAAAQAAABgAAAAAABIAGAAUABMAEgAMAAAACAAEABIAAAAUAAAAVAAAAFwAAAAAAAMBXAAAAAEAAAAMAAAACAAMAAgABAAIAAAACAAAACAAAAAVAAAAVGVzdFRvRGF0YUZyYW1lL2Zsb2F0AAAABAAAAG5hbWUAAAAAAAAAAAAABgAIAAYABgAAAAAAAgAVAAAAVGVzdFRvRGF0YUZyYW1lL2Zsb2F0AAAAAAAAAP////+IAAAAFAAAAAAAAAAMABYAFAATAAwABAAMAAAACAAAAAAAAAAUAAAAAAAAAwQACgAYAAwACAAEAAoAAAAUAAAAOAAAAAEAAAAAAAAAAAAAAAIAAAAAAAAAAAAAAAAAAAAAAAAAAAAAAAAAAAAIAAAAAAAAAAAAAAABAAAAAQAAAAAAAAAAAAAAAAAAAK5H4XoUbjVAEAAAAAwAFAASAAwACAAEAAwAAAAQAAAALAAAADgAAAAAAAQAAQAAAJABAAAAAAAAkAAAAAAAAAAIAAAAAAAAAAAAAAAAAAAAAAAKAAwAAAAIAAQACgAAAAgAAACkAAAAAwAAAGAAAAAoAAAABAAAADT///8IAAAADAAAAAAAAAAAAAAABQAAAHJlZklkAAAAVP///wgAAAAgAAAAFQAAAFRlc3RUb0RhdGFGcmFtZS9mbG9hdAAAAAQAAABuYW1lAAAAAIj///8IAAAAKAAAAB8AAAB7ImV4ZWN1dGVkUXVlcnlTdHJpbmciOiIyMS40MyJ9AAQAAABtZXRhAAAAAAEAAAAYAAAAAAASABgAFAATABIADAAAAAgABAASAAAAFAAAAFQAAABcAAAAAAADAVwAAAABAAAADAAAAAgADAAIAAQACAAAAAgAAAAgAAAAFQAAAFRlc3RUb0RhdGFGcmFtZS9mbG9hdAAAAAQAAABuYW1lAAAAAAAAAAAAAAYACAAGAAYAAAAAAAIAFQAAAFRlc3RUb0RhdGFGcmFtZS9mbG9hdAAAAKgBAABBUlJPVzE=
