ðŸŒŸ This was machine generated.  Do not edit. ðŸŒŸ

Frame[0] {
    "executedQueryString": "21"
}
Name: TestToDataFrame/integer
Dimensions: 1 Fields by 1 Rows
+-------------------------------+
| Name: TestToDataFrame/integer |
| Labels:                       |
| Type: []*float64              |
+-------------------------------+
| 21                            |
+-------------------------------+


====== TEST DATA RESPONSE (arrow base64) ======
FRAME=QVJST1cxAAD/////gAEAABAAAAAAAAoADgAMAAsABAAKAAAAFAAAAAAAAAEEAAoADAAAAAgABAAKAAAACAAAAKQAAAADAAAAYAAAACgAAAAEAAAANP///wgAAAAMAAAAAAAAAAAAAAAFAAAAcmVmSWQAAABU////CAAAACAAAAAXAAAAVGVzdFRvRGF0YUZyYW1lL2ludGVnZXIABAAAAG5hbWUAAAAAiP///wgAAAAoAAAAHAAAAHsiZXhlY3V0ZWRRdWVyeVN0cmluZyI6IjIxIn0AAAAABAAAAG1ldGEAAAAAAQAAABgAAAAAABIAGAAUABMAEgAMAAAACAAEABIAAAAUAAAAVAAAAFwAAAAAAAMBXAAAAAEAAAAMAAAACAAMAAgABAAIAAAACAAAACAAAAAXAAAAVGVzdFRvRGF0YUZyYW1lL2ludGVnZXIABAAAAG5hbWUAAAAAAAAAAAAABgAIAAYABgAAAAAAAgAXAAAAVGVzdFRvRGF0YUZyYW1lL2ludGVnZXIAAAAAAP////+IAAAAFAAAAAAAAAAMABYAFAATAAwABAAMAAAACAAAAAAAAAAUAAAAAAAAAwQACgAYAAwACAAEAAoAAAAUAAAAOAAAAAEAAAAAAAAAAAAAAAIAAAAAAAAAAAAAAAAAAAAAAAAAAAAAAAAAAAAIAAAAAAAAAAAAAAABAAAAAQAAAAAAAAAAAAAAAAAAAAAAAAAAADVAEAAAAAwAFAASAAwACAAEAAwAAAAQAAAALAAAADgAAAAAAAQAAQAAAJABAAAAAAAAkAAAAAAAAAAIAAAAAAAAAAAAAAAAAAAAAAAKAAwAAAAIAAQACgAAAAgAAACkAAAAAwAAAGAAAAAoAAAABAAAADT///8IAAAADAAAAAAAAAAAAAAABQAAAHJlZklkAAAAVP///wgAAAAgAAAAFwAAAFRlc3RUb0RhdGFGcmFtZS9pbnRlZ2VyAAQAAABuYW1lAAAAAIj///8IAAAAKAAAABwAAAB7ImV4ZWN1dGVkUXVlcnlTdHJpbmciOiIyMSJ9AAAAAAQAAABtZXRhAAAAAAEAAAAYAAAAAAASABgAFAATABIADAAAAAgABAASAAAAFAAAAFQAAABcAAAAAAADAVwAAAABAAAADAAAAAgADAAIAAQACAAAAAgAAAAgAAAAFwAAAFRlc3RUb0RhdGFGcmFtZS9pbnRlZ2VyAAQAAABuYW1lAAAAAAAAAAAAAAYACAAGAAYAAAAAAAIAFwAAAFRlc3RUb0RhdGFGcmFtZS9pbnRlZ2VyAKgBAABBUlJPVzE=
