ðŸŒŸ This was machine generated.  Do not edit. ðŸŒŸ

Frame[0] 
Name: TestToDataFrame/nil
Dimensions: 1 Fields by 1 Rows
+---------------------------+
| Name: TestToDataFrame/nil |
| Labels:                   |
| Type: []*string           |
+---------------------------+
| null                      |
+---------------------------+


====== TEST DATA RESPONSE (arrow base64) ======
FRAME=QVJST1cxAAD/////KAEAABAAAAAAAAoADgAMAAsABAAKAAAAFAAAAAAAAAEEAAoADAAAAAgABAAKAAAACAAAAGAAAAACAAAAKAAAAAQAAAB0////CAAAAAwAAAAAAAAAAAAAAAUAAAByZWZJZAAAAJT///8IAAAAHAAAABMAAABUZXN0VG9EYXRhRnJhbWUvbmlsAAQAAABuYW1lAAAAAAEAAAAYAAAAAAASABgAFAATABIADAAAAAgABAASAAAAFAAAAFAAAABUAAAAAAAFAVAAAAABAAAADAAAAAgADAAIAAQACAAAAAgAAAAcAAAAEwAAAFRlc3RUb0RhdGFGcmFtZS9uaWwABAAAAG5hbWUAAAAAAAAAAAQABAAEAAAAEwAAAFRlc3RUb0RhdGFGcmFtZS9uaWwA/////5gAAAAUAAAAAAAAAAwAFgAUABMADAAEAAwAAAAQAAAAAAAAABQAAAAAAAADBAAKABgADAAIAAQACgAAABQAAABIAAAAAQAAAAAAAAAAAAAAAwAAAAAAAAAAAAAAAQAAAAAAAAAIAAAAAAAAAAgAAAAAAAAAEAAAAAAAAAAAAAAAAAAAAAAAAAABAAAAAQAAAAAAAAABAAAAAAAAAAAAAAAAAAAAAAAAAAAAAAAQAAAADAAUABIADAAIAAQADAAAABAAAAAsAAAAPAAAAAAABAABAAAAOAEAAAAAAACgAAAAAAAAABAAAAAAAAAAAAAAAAAAAAAAAAAAAAAKAAwAAAAIAAQACgAAAAgAAABgAAAAAgAAACgAAAAEAAAAdP///wgAAAAMAAAAAAAAAAAAAAAFAAAAcmVmSWQAAACU////CAAAABwAAAATAAAAVGVzdFRvRGF0YUZyYW1lL25pbAAEAAAAbmFtZQAAAAABAAAAGAAAAAAAEgAYABQAEwASAAwAAAAIAAQAEgAAABQAAABQAAAAVAAAAAAABQFQAAAAAQAAAAwAAAAIAAwACAAEAAgAAAAIAAAAHAAAABMAAABUZXN0VG9EYXRhRnJhbWUvbmlsAAQAAABuYW1lAAAAAAAAAAAEAAQABAAAABMAAABUZXN0VG9EYXRhRnJhbWUvbmlsAFgBAABBUlJPVzE=
