ðŸŒŸ This was machine generated.  Do not edit. ðŸŒŸ

Frame[0] {
    "executedQueryString": "[12,14.56,0,30]"
}
Name: TestToDataFrame/number-array
Dimensions: 1 Fields by 4 Rows
+------------------------------------+
| Name: TestToDataFrame/number-array |
| Labels:                            |
| Type: []*float64                   |
+------------------------------------+
| 12                                 |
| 14.56                              |
| 0                                  |
| 30                                 |
+------------------------------------+


====== TEST DATA RESPONSE (arrow base64) ======
FRAME=QVJST1cxAAD/////oAEAABAAAAAAAAoADgAMAAsABAAKAAAAFAAAAAAAAAEEAAoADAAAAAgABAAKAAAACAAAALgAAAADAAAAaAAAACgAAAAEAAAAIP///wgAAAAMAAAAAAAAAAAAAAAFAAAAcmVmSWQAAABA////CAAAACgAAAAcAAAAVGVzdFRvRGF0YUZyYW1lL251bWJlci1hcnJheQAAAAAEAAAAbmFtZQAAAAB8////CAAAADQAAAApAAAAeyJleGVjdXRlZFF1ZXJ5U3RyaW5nIjoiWzEyLDE0LjU2LDAsMzBdIn0AAAAEAAAAbWV0YQAAAAABAAAAGAAAAAAAEgAYABQAEwASAAwAAAAIAAQAEgAAABQAAABcAAAAZAAAAAAAAwFkAAAAAQAAAAwAAAAIAAwACAAEAAgAAAAIAAAAKAAAABwAAABUZXN0VG9EYXRhRnJhbWUvbnVtYmVyLWFycmF5AAAAAAQAAABuYW1lAAAAAAAAAAAAAAYACAAGAAYAAAAAAAIAHAAAAFRlc3RUb0RhdGFGcmFtZS9udW1iZXItYXJyYXkAAAAA/////4gAAAAUAAAAAAAAAAwAFgAUABMADAAEAAwAAAAgAAAAAAAAABQAAAAAAAADBAAKABgADAAIAAQACgAAABQAAAA4AAAABAAAAAAAAAAAAAAAAgAAAAAAAAAAAAAAAAAAAAAAAAAAAAAAAAAAACAAAAAAAAAAAAAAAAEAAAAEAAAAAAAAAAAAAAAAAAAAAAAAAAAAKEAfhetRuB4tQAAAAAAAAAAAAAAAAAAAPkAQAAAADAAUABIADAAIAAQADAAAABAAAAAsAAAAPAAAAAAABAABAAAAsAEAAAAAAACQAAAAAAAAACAAAAAAAAAAAAAAAAAAAAAAAAAAAAAKAAwAAAAIAAQACgAAAAgAAAC4AAAAAwAAAGgAAAAoAAAABAAAACD///8IAAAADAAAAAAAAAAAAAAABQAAAHJlZklkAAAAQP///wgAAAAoAAAAHAAAAFRlc3RUb0RhdGFGcmFtZS9udW1iZXItYXJyYXkAAAAABAAAAG5hbWUAAAAAfP///wgAAAA0AAAAKQAAAHsiZXhlY3V0ZWRRdWVyeVN0cmluZyI6IlsxMiwxNC41NiwwLDMwXSJ9AAAABAAAAG1ldGEAAAAAAQAAABgAAAAAABIAGAAUABMAEgAMAAAACAAEABIAAAAUAAAAXAAAAGQAAAAAAAMBZAAAAAEAAAAMAAAACAAMAAgABAAIAAAACAAAACgAAAAcAAAAVGVzdFRvRGF0YUZyYW1lL251bWJlci1hcnJheQAAAAAEAAAAbmFtZQAAAAAAAAAAAAAGAAgABgAGAAAAAAACABwAAABUZXN0VG9EYXRhRnJhbWUvbnVtYmVyLWFycmF5AAAAANABAABBUlJPVzE=
