ðŸŒŸ This was machine generated.  Do not edit. ðŸŒŸ

Frame[0] {
    "executedQueryString": "[{ \"name\":\"foo\", \"age\": 12 } , {\"name\":\"bar\", \"age\":21.12 }]"
}
Name: TestToDataFrameSlices/object-array
Dimensions: 2 Fields by 2 Rows
+------------------+-----------------+
| Name: age        | Name: name      |
| Labels:          | Labels:         |
| Type: []*float64 | Type: []*string |
+------------------+-----------------+
| 12               | foo             |
| 21.12            | bar             |
+------------------+-----------------+


====== TEST DATA RESPONSE (arrow base64) ======
FRAME=QVJST1cxAAD/////AAIAABAAAAAAAAoADgAMAAsABAAKAAAAFAAAAAAAAAEEAAoADAAAAAgABAAKAAAACAAAAPQAAAADAAAAbAAAACgAAAAEAAAAiP7//wgAAAAMAAAAAAAAAAAAAAAFAAAAcmVmSWQAAACo/v//CAAAACwAAAAiAAAAVGVzdFRvRGF0YUZyYW1lU2xpY2VzL29iamVjdC1hcnJheQAABAAAAG5hbWUAAAAA6P7//wgAAABsAAAAYgAAAHsiZXhlY3V0ZWRRdWVyeVN0cmluZyI6Ilt7IFwibmFtZVwiOlwiZm9vXCIsIFwiYWdlXCI6IDEyIH0gLCB7XCJuYW1lXCI6XCJiYXJcIiwgXCJhZ2VcIjoyMS4xMiB9XSJ9AAAEAAAAbWV0YQAAAAACAAAAdAAAAAQAAACm////FAAAADwAAABAAAAAAAAFATwAAAABAAAABAAAAJT///8IAAAAEAAAAAQAAABuYW1lAAAAAAQAAABuYW1lAAAAAAAAAAAEAAQABAAAAAQAAABuYW1lAAASABgAFAATABIADAAAAAgABAASAAAAFAAAAEAAAABIAAAAAAADAUgAAAABAAAADAAAAAgADAAIAAQACAAAAAgAAAAMAAAAAwAAAGFnZQAEAAAAbmFtZQAAAAAAAAAAAAAGAAgABgAGAAAAAAACAAMAAABhZ2UA/////8gAAAAUAAAAAAAAAAwAFgAUABMADAAEAAwAAAAoAAAAAAAAABQAAAAAAAADBAAKABgADAAIAAQACgAAABQAAABoAAAAAgAAAAAAAAAAAAAABQAAAAAAAAAAAAAAAAAAAAAAAAAAAAAAAAAAABAAAAAAAAAAEAAAAAAAAAAAAAAAAAAAABAAAAAAAAAADAAAAAAAAAAgAAAAAAAAAAYAAAAAAAAAAAAAAAIAAAACAAAAAAAAAAAAAAAAAAAAAgAAAAAAAAAAAAAAAAAAAAAAAAAAAChAH4XrUbgeNUAAAAAAAwAAAAYAAAAAAAAAZm9vYmFyAAAQAAAADAAUABIADAAIAAQADAAAABAAAAAsAAAAPAAAAAAABAABAAAAEAIAAAAAAADQAAAAAAAAACgAAAAAAAAAAAAAAAAAAAAAAAAAAAAKAAwAAAAIAAQACgAAAAgAAAD0AAAAAwAAAGwAAAAoAAAABAAAAIj+//8IAAAADAAAAAAAAAAAAAAABQAAAHJlZklkAAAAqP7//wgAAAAsAAAAIgAAAFRlc3RUb0RhdGFGcmFtZVNsaWNlcy9vYmplY3QtYXJyYXkAAAQAAABuYW1lAAAAAOj+//8IAAAAbAAAAGIAAAB7ImV4ZWN1dGVkUXVlcnlTdHJpbmciOiJbeyBcIm5hbWVcIjpcImZvb1wiLCBcImFnZVwiOiAxMiB9ICwge1wibmFtZVwiOlwiYmFyXCIsIFwiYWdlXCI6MjEuMTIgfV0ifQAABAAAAG1ldGEAAAAAAgAAAHQAAAAEAAAApv///xQAAAA8AAAAQAAAAAAABQE8AAAAAQAAAAQAAACU////CAAAABAAAAAEAAAAbmFtZQAAAAAEAAAAbmFtZQAAAAAAAAAABAAEAAQAAAAEAAAAbmFtZQAAEgAYABQAEwASAAwAAAAIAAQAEgAAABQAAABAAAAASAAAAAAAAwFIAAAAAQAAAAwAAAAIAAwACAAEAAgAAAAIAAAADAAAAAMAAABhZ2UABAAAAG5hbWUAAAAAAAAAAAAABgAIAAYABgAAAAAAAgADAAAAYWdlADACAABBUlJPVzE=
