ðŸŒŸ This was machine generated.  Do not edit. ðŸŒŸ

Frame[0] {
    "executedQueryString": "{ \"name\":\"foo\", \"age\": 12, \"hobbies\":[\"cricket\",\"music\"], \"isPrimeUser\": true, \"fullname\": { \"first\": \"foo\", \"last\":\"bar\" } }"
}
Name: TestToDataFrame/object
Dimensions: 5 Fields by 1 Rows
+------------------+------------------------------+---------------------+-------------------+-----------------+
| Name: age        | Name: fullname               | Name: hobbies       | Name: isPrimeUser | Name: name      |
| Labels:          | Labels:                      | Labels:             | Labels:           | Labels:         |
| Type: []*float64 | Type: []*string              | Type: []*string     | Type: []*bool     | Type: []*string |
+------------------+------------------------------+---------------------+-------------------+-----------------+
| 12               | {"first":"foo","last":"bar"} | ["cricket","music"] | true              | foo             |
+------------------+------------------------------+---------------------+-------------------+-----------------+


====== TEST DATA RESPONSE (arrow base64) ======
FRAME=QVJST1cxAAD/////aAMAABAAAAAAAAoADgAMAAsABAAKAAAAFAAAAAAAAAEEAAoADAAAAAgABAAKAAAACAAAADQBAAADAAAAYAAAACgAAAAEAAAAJP3//wgAAAAMAAAAAAAAAAAAAAAFAAAAcmVmSWQAAABE/f//CAAAACAAAAAWAAAAVGVzdFRvRGF0YUZyYW1lL29iamVjdAAABAAAAG5hbWUAAAAAeP3//wgAAAC4AAAArwAAAHsiZXhlY3V0ZWRRdWVyeVN0cmluZyI6InsgXCJuYW1lXCI6XCJmb29cIiwgXCJhZ2VcIjogMTIsIFwiaG9iYmllc1wiOltcImNyaWNrZXRcIixcIm11c2ljXCJdLCBcImlzUHJpbWVVc2VyXCI6IHRydWUsIFwiZnVsbG5hbWVcIjogeyBcImZpcnN0XCI6IFwiZm9vXCIsIFwibGFzdFwiOlwiYmFyXCIgfSB9In0ABAAAAG1ldGEAAAAABQAAAJgBAAAgAQAAxAAAAGAAAAAEAAAAjv7//xQAAAA8AAAAPAAAAAAABQE4AAAAAQAAAAQAAAB8/v//CAAAABAAAAAEAAAAbmFtZQAAAAAEAAAAbmFtZQAAAAAAAAAA7P7//wQAAABuYW1lAAAAAOb+//8UAAAAQAAAAEAAAAAAAAYBPAAAAAEAAAAEAAAA1P7//wgAAAAUAAAACwAAAGlzUHJpbWVVc2VyAAQAAABuYW1lAAAAAAAAAABI////CwAAAGlzUHJpbWVVc2VyAEb///8UAAAAPAAAADwAAAAAAAUBOAAAAAEAAAAEAAAANP///wgAAAAQAAAABwAAAGhvYmJpZXMABAAAAG5hbWUAAAAAAAAAAKT///8HAAAAaG9iYmllcwCe////FAAAAEAAAABEAAAAAAAFAUAAAAABAAAABAAAAIz///8IAAAAFAAAAAgAAABmdWxsbmFtZQAAAAAEAAAAbmFtZQAAAAAAAAAABAAEAAQAAAAIAAAAZnVsbG5hbWUAABIAGAAUABMAEgAMAAAACAAEABIAAAAUAAAAQAAAAEgAAAAAAAMBSAAAAAEAAAAMAAAACAAMAAgABAAIAAAACAAAAAwAAAADAAAAYWdlAAQAAABuYW1lAAAAAAAAAAAAAAYACAAGAAYAAAAAAAIAAwAAAGFnZQAAAAAA/////3gBAAAUAAAAAAAAAAwAFgAUABMADAAEAAwAAABoAAAAAAAAABQAAAAAAAADBAAKABgADAAIAAQACgAAABQAAADoAAAAAQAAAAAAAAAAAAAADQAAAAAAAAAAAAAAAAAAAAAAAAAAAAAAAAAAAAgAAAAAAAAACAAAAAAAAAAAAAAAAAAAAAgAAAAAAAAACAAAAAAAAAAQAAAAAAAAABwAAAAAAAAAMAAAAAAAAAAAAAAAAAAAADAAAAAAAAAACAAAAAAAAAA4AAAAAAAAABMAAAAAAAAAUAAAAAAAAAAAAAAAAAAAAFAAAAAAAAAAAQAAAAAAAABYAAAAAAAAAAAAAAAAAAAAWAAAAAAAAAAIAAAAAAAAAGAAAAAAAAAAAwAAAAAAAAAAAAAABQAAAAEAAAAAAAAAAAAAAAAAAAABAAAAAAAAAAAAAAAAAAAAAQAAAAAAAAAAAAAAAAAAAAEAAAAAAAAAAAAAAAAAAAABAAAAAAAAAAAAAAAAAAAAAAAAAAAAKEAAAAAAHAAAAHsiZmlyc3QiOiJmb28iLCJsYXN0IjoiYmFyIn0AAAAAAAAAABMAAABbImNyaWNrZXQiLCJtdXNpYyJdAAAAAAABAAAAAAAAAAAAAAADAAAAZm9vAAAAAAAQAAAADAAUABIADAAIAAQADAAAABAAAAAsAAAAOAAAAAAABAABAAAAeAMAAAAAAACAAQAAAAAAAGgAAAAAAAAAAAAAAAAAAAAAAAoADAAAAAgABAAKAAAACAAAADQBAAADAAAAYAAAACgAAAAEAAAAJP3//wgAAAAMAAAAAAAAAAAAAAAFAAAAcmVmSWQAAABE/f//CAAAACAAAAAWAAAAVGVzdFRvRGF0YUZyYW1lL29iamVjdAAABAAAAG5hbWUAAAAAeP3//wgAAAC4AAAArwAAAHsiZXhlY3V0ZWRRdWVyeVN0cmluZyI6InsgXCJuYW1lXCI6XCJmb29cIiwgXCJhZ2VcIjogMTIsIFwiaG9iYmllc1wiOltcImNyaWNrZXRcIixcIm11c2ljXCJdLCBcImlzUHJpbWVVc2VyXCI6IHRydWUsIFwiZnVsbG5hbWVcIjogeyBcImZpcnN0XCI6IFwiZm9vXCIsIFwibGFzdFwiOlwiYmFyXCIgfSB9In0ABAAAAG1ldGEAAAAABQAAAJgBAAAgAQAAxAAAAGAAAAAEAAAAjv7//xQAAAA8AAAAPAAAAAAABQE4AAAAAQAAAAQAAAB8/v//CAAAABAAAAAEAAAAbmFtZQAAAAAEAAAAbmFtZQAAAAAAAAAA7P7//wQAAABuYW1lAAAAAOb+//8UAAAAQAAAAEAAAAAAAAYBPAAAAAEAAAAEAAAA1P7//wgAAAAUAAAACwAAAGlzUHJpbWVVc2VyAAQAAABuYW1lAAAAAAAAAABI////CwAAAGlzUHJpbWVVc2VyAEb///8UAAAAPAAAADwAAAAAAAUBOAAAAAEAAAAEAAAANP///wgAAAAQAAAABwAAAGhvYmJpZXMABAAAAG5hbWUAAAAAAAAAAKT///8HAAAAaG9iYmllcwCe////FAAAAEAAAABEAAAAAAAFAUAAAAABAAAABAAAAIz///8IAAAAFAAAAAgAAABmdWxsbmFtZQAAAAAEAAAAbmFtZQAAAAAAAAAABAAEAAQAAAAIAAAAZnVsbG5hbWUAABIAGAAUABMAEgAMAAAACAAEABIAAAAUAAAAQAAAAEgAAAAAAAMBSAAAAAEAAAAMAAAACAAMAAgABAAIAAAACAAAAAwAAAADAAAAYWdlAAQAAABuYW1lAAAAAAAAAAAAAAYACAAGAAYAAAAAAAIAAwAAAGFnZQCQAwAAQVJST1cx
