ðŸŒŸ This was machine generated.  Do not edit. ðŸŒŸ

Frame[0] {
    "executedQueryString": "[\"foo\",\"bar\"]"
}
Name: TestToDataFrame/string-array
Dimensions: 1 Fields by 2 Rows
+------------------------------------+
| Name: TestToDataFrame/string-array |
| Labels:                            |
| Type: []*string                    |
+------------------------------------+
| foo                                |
| bar                                |
+------------------------------------+


====== TEST DATA RESPONSE (arrow base64) ======
FRAME=QVJST1cxAAD/////mAEAABAAAAAAAAoADgAMAAsABAAKAAAAFAAAAAAAAAEEAAoADAAAAAgABAAKAAAACAAAALgAAAADAAAAaAAAACgAAAAEAAAAIP///wgAAAAMAAAAAAAAAAAAAAAFAAAAcmVmSWQAAABA////CAAAACgAAAAcAAAAVGVzdFRvRGF0YUZyYW1lL3N0cmluZy1hcnJheQAAAAAEAAAAbmFtZQAAAAB8////CAAAADQAAAArAAAAeyJleGVjdXRlZFF1ZXJ5U3RyaW5nIjoiW1wiZm9vXCIsXCJiYXJcIl0ifQAEAAAAbWV0YQAAAAABAAAAGAAAAAAAEgAYABQAEwASAAwAAAAIAAQAEgAAABQAAABcAAAAYAAAAAAABQFcAAAAAQAAAAwAAAAIAAwACAAEAAgAAAAIAAAAKAAAABwAAABUZXN0VG9EYXRhRnJhbWUvc3RyaW5nLWFycmF5AAAAAAQAAABuYW1lAAAAAAAAAAAEAAQABAAAABwAAABUZXN0VG9EYXRhRnJhbWUvc3RyaW5nLWFycmF5AAAAAP////+YAAAAFAAAAAAAAAAMABYAFAATAAwABAAMAAAAGAAAAAAAAAAUAAAAAAAAAwQACgAYAAwACAAEAAoAAAAUAAAASAAAAAIAAAAAAAAAAAAAAAMAAAAAAAAAAAAAAAAAAAAAAAAAAAAAAAAAAAAMAAAAAAAAABAAAAAAAAAABgAAAAAAAAAAAAAAAQAAAAIAAAAAAAAAAAAAAAAAAAAAAAAAAwAAAAYAAAAAAAAAZm9vYmFyAAAQAAAADAAUABIADAAIAAQADAAAABAAAAAsAAAAPAAAAAAABAABAAAAqAEAAAAAAACgAAAAAAAAABgAAAAAAAAAAAAAAAAAAAAAAAAAAAAKAAwAAAAIAAQACgAAAAgAAAC4AAAAAwAAAGgAAAAoAAAABAAAACD///8IAAAADAAAAAAAAAAAAAAABQAAAHJlZklkAAAAQP///wgAAAAoAAAAHAAAAFRlc3RUb0RhdGFGcmFtZS9zdHJpbmctYXJyYXkAAAAABAAAAG5hbWUAAAAAfP///wgAAAA0AAAAKwAAAHsiZXhlY3V0ZWRRdWVyeVN0cmluZyI6IltcImZvb1wiLFwiYmFyXCJdIn0ABAAAAG1ldGEAAAAAAQAAABgAAAAAABIAGAAUABMAEgAMAAAACAAEABIAAAAUAAAAXAAAAGAAAAAAAAUBXAAAAAEAAAAMAAAACAAMAAgABAAIAAAACAAAACgAAAAcAAAAVGVzdFRvRGF0YUZyYW1lL3N0cmluZy1hcnJheQAAAAAEAAAAbmFtZQAAAAAAAAAABAAEAAQAAAAcAAAAVGVzdFRvRGF0YUZyYW1lL3N0cmluZy1hcnJheQAAAADIAQAAQVJST1cx
