ðŸŒŸ This was machine generated.  Do not edit. ðŸŒŸ

Frame[0] {
    "executedQueryString": "foo"
}
Name: TestToDataFrame/string
Dimensions: 1 Fields by 1 Rows
+------------------------------+
| Name: TestToDataFrame/string |
| Labels:                      |
| Type: []*string              |
+------------------------------+
| foo                          |
+------------------------------+


====== TEST DATA RESPONSE (arrow base64) ======
FRAME=QVJST1cxAAD/////eAEAABAAAAAAAAoADgAMAAsABAAKAAAAFAAAAAAAAAEEAAoADAAAAAgABAAKAAAACAAAAKQAAAADAAAAYAAAACgAAAAEAAAANP///wgAAAAMAAAAAAAAAAAAAAAFAAAAcmVmSWQAAABU////CAAAACAAAAAWAAAAVGVzdFRvRGF0YUZyYW1lL3N0cmluZwAABAAAAG5hbWUAAAAAiP///wgAAAAoAAAAHQAAAHsiZXhlY3V0ZWRRdWVyeVN0cmluZyI6ImZvbyJ9AAAABAAAAG1ldGEAAAAAAQAAABgAAAAAABIAGAAUABMAEgAMAAAACAAEABIAAAAUAAAAVAAAAFgAAAAAAAUBVAAAAAEAAAAMAAAACAAMAAgABAAIAAAACAAAACAAAAAWAAAAVGVzdFRvRGF0YUZyYW1lL3N0cmluZwAABAAAAG5hbWUAAAAAAAAAAAQABAAEAAAAFgAAAFRlc3RUb0RhdGFGcmFtZS9zdHJpbmcAAAAAAAD/////mAAAABQAAAAAAAAADAAWABQAEwAMAAQADAAAABAAAAAAAAAAFAAAAAAAAAMEAAoAGAAMAAgABAAKAAAAFAAAAEgAAAABAAAAAAAAAAAAAAADAAAAAAAAAAAAAAAAAAAAAAAAAAAAAAAAAAAACAAAAAAAAAAIAAAAAAAAAAMAAAAAAAAAAAAAAAEAAAABAAAAAAAAAAAAAAAAAAAAAAAAAAMAAABmb28AAAAAABAAAAAMABQAEgAMAAgABAAMAAAAEAAAACwAAAA4AAAAAAAEAAEAAACIAQAAAAAAAKAAAAAAAAAAEAAAAAAAAAAAAAAAAAAAAAAACgAMAAAACAAEAAoAAAAIAAAApAAAAAMAAABgAAAAKAAAAAQAAAA0////CAAAAAwAAAAAAAAAAAAAAAUAAAByZWZJZAAAAFT///8IAAAAIAAAABYAAABUZXN0VG9EYXRhRnJhbWUvc3RyaW5nAAAEAAAAbmFtZQAAAACI////CAAAACgAAAAdAAAAeyJleGVjdXRlZFF1ZXJ5U3RyaW5nIjoiZm9vIn0AAAAEAAAAbWV0YQAAAAABAAAAGAAAAAAAEgAYABQAEwASAAwAAAAIAAQAEgAAABQAAABUAAAAWAAAAAAABQFUAAAAAQAAAAwAAAAIAAwACAAEAAgAAAAIAAAAIAAAABYAAABUZXN0VG9EYXRhRnJhbWUvc3RyaW5nAAAEAAAAbmFtZQAAAAAAAAAABAAEAAQAAAAWAAAAVGVzdFRvRGF0YUZyYW1lL3N0cmluZwAAoAEAAEFSUk9XMQ==
